// Jest Snapshot v1, https://goo.gl/fbAQLP

exports[`First run screens snapshots initial first run screen renders correctly 1`] = `
<View
  style={
    Object {
      "flex": 1,
    }
  }
>
  <View
    accessibilityIgnoresInvertColors={true}
    style={
      Object {
        "alignItems": "center",
        "flex": 5,
        "height": 1334,
        "justifyContent": "center",
        "left": 0,
        "top": 0,
        "width": 750,
      }
    }
  >
    <Image
      source={1}
      style={
        Array [
          Object {
            "bottom": 0,
            "left": 0,
            "position": "absolute",
            "right": 0,
            "top": 0,
          },
          Object {
            "height": 1334,
            "width": 750,
          },
          undefined,
        ]
      }
    />
    <View
      style={
        Object {
          "flex": 4,
        }
      }
    />
    <View
      ID="AppBanner"
    >
      <View
        style={
          Object {
            "alignItems": "center",
            "justifyContent": "center",
          }
        }
      >
        <View
          style={
            Object {
              "marginTop": 20,
            }
          }
        >
          <ActivityIndicator
            animating={true}
            color="#937f6b"
            hidesWhenStopped={true}
            size="large"
          />
        </View>
      </View>
    </View>
    <View
      style={
        Object {
          "flex": 3,
        }
      }
    />
    <View
      style={
        Object {
          "flex": 1,
        }
      }
    >
      <View
        accessible={true}
        isTVSelectable={true}
        onResponderGrant={[Function]}
        onResponderMove={[Function]}
        onResponderRelease={[Function]}
        onResponderTerminate={[Function]}
        onResponderTerminationRequest={[Function]}
        onStartShouldSetResponder={[Function]}
        style={
          Object {
            "alignItems": "center",
            "backgroundColor": "#efdecc",
            "borderRadius": 25,
            "justifyContent": "center",
            "marginBottom": 10,
            "marginLeft": 10,
            "marginRight": 10,
            "marginTop": 10,
            "opacity": 1,
            "paddingBottom": 10,
            "paddingLeft": 25,
            "paddingRight": 25,
            "paddingTop": 10,
            "textAlign": "center",
          }
        }
      >
        <Text
          style={
            Object {
              "color": "#937f6b",
            }
          }
        >
          I am a teacher
        </Text>
      </View>
    </View>
    <View
      style={
        Object {
          "flex": 1,
        }
      }
    />
  </View>
</View>
`;
